{
  "cache": {
    "e002000011048000002c800000018000000000000000": "410473989c16d7588aef2ac7c37d2c5e4e6940212f5b6369719bd6894bfa6079f8823ac136776851d121e050c850bd15a3454366d43c9daa0737d18fbe1bd98ebd2428383638353245423432346341364535383932303436323732393632374565343930423637646638649000",
    "e00400005c048000002c800000018000000000000001f849808609184e72a00082271094000000000000000000000000000000000000000080a47f7465737432000000000000000000000000000000000000000000000000000000600057038080": "29374605705fb290f8dff7a3dd20ff98e3f6c97943db58c3eb27005055a541452b4df79d7985d557bba9a984189a1cd68e19bdd13a95c18991a9c9180d52bf9f8e9000"
  }
}