{
  "cache": {
    "e00800001b048000002c80000001800000000000000000000006deadbeefface": "1ccc6a32c86d3977e64f7770e35ea70b0b24867cb957da0eb2e6a7625177abbfa644b7733184b65183ce523d31f93e6fe419f8e675a4c5ac0ecb1b95721c70126b9000"
  }
}